// Jest Snapshot v1, https://goo.gl/fbAQLP

exports[`renders correctly 1`] = `
<p>
  NOTE:This information is purely for informative purposes only. It does not consitute as financial information and does not consistiute a contract. 
  <br />
   Please contact a certified financial professional for financial advice.
</p>
`;
